pod/flashnext-davetha-public-compat-norm2 created
WAIT davetha-public-compat-norm2 Pending
WAIT davetha-public-compat-norm2 Running
WAIT davetha-public-compat-norm2 Running
WAIT davetha-public-compat-norm2 Running
WAIT davetha-public-compat-norm2 Running
WAIT davetha-public-compat-norm2 Running
WAIT davetha-public-compat-norm2 Running
WAIT davetha-public-compat-norm2 Running
WAIT davetha-public-compat-norm2 Running
WAIT davetha-public-compat-norm2 Running
WAIT davetha-public-compat-norm2 Running
WAIT davetha-public-compat-norm2 Running
WAIT davetha-public-compat-norm2 Running
WAIT davetha-public-compat-norm2 Running
WAIT davetha-public-compat-norm2 Running
WAIT davetha-public-compat-norm2 Running
WAIT davetha-public-compat-norm2 Running
WAIT davetha-public-compat-norm2 Running
WAIT davetha-public-compat-norm2 Running
WAIT davetha-public-compat-norm2 Running
WAIT davetha-public-compat-norm2 Running
WAIT davetha-public-compat-norm2 Running
WAIT davetha-public-compat-norm2 Running
WAIT davetha-public-compat-norm2 Running
WAIT davetha-public-compat-norm2 Running
WAIT davetha-public-compat-norm2 Running
WAIT davetha-public-compat-norm2 Running
WAIT davetha-public-compat-norm2 Running
WAIT davetha-public-compat-norm2 Running
WAIT davetha-public-compat-norm2 Running
WAIT davetha-public-compat-norm2 Running
WAIT davetha-public-compat-norm2 Running
WAIT davetha-public-compat-norm2 Running
WAIT davetha-public-compat-norm2 Running
WAIT davetha-public-compat-norm2 Running
WAIT davetha-public-compat-norm2 Running
WAIT davetha-public-compat-norm2 Running
WAIT davetha-public-compat-norm2 Running
WAIT davetha-public-compat-norm2 Running
WAIT davetha-public-compat-norm2 Running
WAIT davetha-public-compat-norm2 Running
WAIT davetha-public-compat-norm2 Running
WAIT davetha-public-compat-norm2 Running
WAIT davetha-public-compat-norm2 Running
WAIT davetha-public-compat-norm2 Running
WAIT davetha-public-compat-norm2 Running
WAIT davetha-public-compat-norm2 Running
WAIT davetha-public-compat-norm2 Running
WAIT davetha-public-compat-norm2 Running
WAIT davetha-public-compat-norm2 Running
WAIT davetha-public-compat-norm2 Running
WAIT davetha-public-compat-norm2 Running
WAIT davetha-public-compat-norm2 Running
WAIT davetha-public-compat-norm2 Running
WAIT davetha-public-compat-norm2 Running
WAIT davetha-public-compat-norm2 Running
WAIT davetha-public-compat-norm2 Running
WAIT davetha-public-compat-norm2 Running
WAIT davetha-public-compat-norm2 Running
WAIT davetha-public-compat-norm2 Running
WAIT davetha-public-compat-norm2 Running
WAIT davetha-public-compat-norm2 Running
WAIT davetha-public-compat-norm2 Running
WAIT davetha-public-compat-norm2 Running
WAIT davetha-public-compat-norm2 Running
WAIT davetha-public-compat-norm2 Running
WAIT davetha-public-compat-norm2 Running
WAIT davetha-public-compat-norm2 Running
WAIT davetha-public-compat-norm2 Running
WAIT davetha-public-compat-norm2 Running
WAIT davetha-public-compat-norm2 Running
WAIT davetha-public-compat-norm2 Running
WAIT davetha-public-compat-norm2 Running
WAIT davetha-public-compat-norm2 Running
WAIT davetha-public-compat-norm2 Running
WAIT davetha-public-compat-norm2 Running
WAIT davetha-public-compat-norm2 Running
WAIT davetha-public-compat-norm2 Running
WAIT davetha-public-compat-norm2 Running
WAIT davetha-public-compat-norm2 Running
WAIT davetha-public-compat-norm2 Running
WAIT davetha-public-compat-norm2 Running
WAIT davetha-public-compat-norm2 Running
WAIT davetha-public-compat-norm2 Running
WAIT davetha-public-compat-norm2 Running
WAIT davetha-public-compat-norm2 Running
WAIT davetha-public-compat-norm2 Running
WAIT davetha-public-compat-norm2 Running
WAIT davetha-public-compat-norm2 Running
WAIT davetha-public-compat-norm2 Running
WAIT davetha-public-compat-norm2 Running
WAIT davetha-public-compat-norm2 Running
WAIT davetha-public-compat-norm2 Running
WAIT davetha-public-compat-norm2 Running
WAIT davetha-public-compat-norm2 Running
WAIT davetha-public-compat-norm2 Running
WAIT davetha-public-compat-norm2 Running
WAIT davetha-public-compat-norm2 Running
WAIT davetha-public-compat-norm2 Running
WAIT davetha-public-compat-norm2 Running
WAIT davetha-public-compat-norm2 Running
WAIT davetha-public-compat-norm2 Running
WAIT davetha-public-compat-norm2 Running
WAIT davetha-public-compat-norm2 Running
WAIT davetha-public-compat-norm2 Running
WAIT davetha-public-compat-norm2 Running
WAIT davetha-public-compat-norm2 Running
WAIT davetha-public-compat-norm2 Running
WAIT davetha-public-compat-norm2 Running
WAIT davetha-public-compat-norm2 Running
WAIT davetha-public-compat-norm2 Running
flashnext-iggy-stage pause 0 paused []
 
flashnext-r9v-stage pause 0 paused []
 
flashnext-davetha-stage pause 0 paused []
 
flashnext-public-download pause 0 paused []
 
PROTOCOL davetha-public-compat-norm2 decode exit 0
PROTOCOL davetha-public-compat-norm2 lru-publisher-pp exit 0
PROTOCOL davetha-public-compat-norm2 pp exit 0
PROTOCOL davetha-public-compat-norm2 common exit 0
PROTOCOL davetha-public-compat-norm2 c2 exit 0
arithmetic True
json True
tool True
flashnext-iggy-stage resume 0 resumed []
 
flashnext-r9v-stage resume 0 resumed []
 
flashnext-davetha-stage resume 0 resumed []
 
flashnext-public-download resume 0 resumed []
 
PROFILE_COMPLETE davetha-public-compat-norm2 benchmark_exit 0
