/workspace/flashnext-competition/stew-r30/build/bin/libggml-hip.so: /lib/x86_64-linux-gnu/libc.so.6: version `GLIBC_2.38' not found (required by /workspace/flashnext-competition/stew-r30/build/bin/libggml-hip.so)
/workspace/flashnext-competition/stew-r30/build/bin/libggml-hip.so: /lib/x86_64-linux-gnu/libc.so.6: version `GLIBC_2.38' not found (required by /workspace/flashnext-competition/stew-r30/build/bin/libggml-base.so.0)
	linux-vdso.so.1 (0x00007f4b3e4ce000)
	librccl.so.1 => /ngram/davetha-sdk/_rocm_sdk_libraries/lib/librccl.so.1 (0x00007f4b0c600000)
	libggml-base.so.0 => /workspace/flashnext-competition/stew-r30/build/bin/libggml-base.so.0 (0x00007f4b2c526000)
	libhipblas.so.3 => /ngram/davetha-sdk/_rocm_sdk_libraries/lib/libhipblas.so.3 (0x00007f4b0c513000)
	librocblas.so.5 => /ngram/davetha-sdk/_rocm_sdk_libraries/lib/librocblas.so.5 (0x00007f4b0a600000)
	libamdhip64.so.7 => /ngram/davetha-sdk/_rocm_sdk_core/lib/libamdhip64.so.7 (0x00007f4b08a00000)
	libstdc++.so.6 => /lib/x86_64-linux-gnu/libstdc++.so.6 (0x00007f4b087d4000)
	libm.so.6 => /lib/x86_64-linux-gnu/libm.so.6 (0x00007f4b0c42c000)
	libgcc_s.so.1 => /lib/x86_64-linux-gnu/libgcc_s.so.1 (0x00007f4b3e4a1000)
	libc.so.6 => /lib/x86_64-linux-gnu/libc.so.6 (0x00007f4b085ab000)
	/lib64/ld-linux-x86-64.so.2 (0x00007f4b3e4d0000)
	librocprofiler-register.so.0 => /ngram/davetha-sdk/_rocm_sdk_libraries/lib/../../_rocm_sdk_core/lib/librocprofiler-register.so.0 (0x00007f4b084b2000)
	libroctx64.so.4 => /ngram/davetha-sdk/_rocm_sdk_libraries/lib/../../_rocm_sdk_core/lib/libroctx64.so.4 (0x00007f4b3e499000)
	libdl.so.2 => /lib/x86_64-linux-gnu/libdl.so.2 (0x00007f4b3e494000)
	libhsa-runtime64.so.1 => /ngram/davetha-sdk/_rocm_sdk_libraries/lib/../../_rocm_sdk_core/lib/libhsa-runtime64.so.1 (0x00007f4b08000000)
	libamd_smi.so.27 => /ngram/davetha-sdk/_rocm_sdk_libraries/lib/../../_rocm_sdk_core/lib/libamd_smi.so.27 (0x00007f4b07a00000)
	librocm-core.so.1 => /ngram/davetha-sdk/_rocm_sdk_libraries/lib/../../_rocm_sdk_core/lib/librocm-core.so.1 (0x00007f4b3e48b000)
	libpthread.so.0 => /lib/x86_64-linux-gnu/libpthread.so.0 (0x00007f4b3e486000)
	libomp.so => not found
	librocsolver.so.0 => /ngram/davetha-sdk/_rocm_sdk_libraries/lib/librocsolver.so.0 (0x00007f4b04400000)
	libhipblaslt.so.1 => /ngram/davetha-sdk/_rocm_sdk_libraries/lib/libhipblaslt.so.1 (0x00007f4b03c00000)
	librocm_kpack.so.0 => /ngram/davetha-sdk/_rocm_sdk_core/lib/librocm_kpack.so.0 (0x00007f4b3e435000)
	librt.so.1 => /lib/x86_64-linux-gnu/librt.so.1 (0x00007f4b3e430000)
	libamd_comgr.so.3 => /ngram/davetha-sdk/_rocm_sdk_core/lib/libamd_comgr.so.3 (0x00007f4b02e00000)
	librocm_sysdeps_elf.so.1 => /ngram/davetha-sdk/_rocm_sdk_libraries/lib/../../_rocm_sdk_core/lib/rocm_sysdeps/lib/librocm_sysdeps_elf.so.1 (0x00007f4b3e40e000)
	librocm_sysdeps_drm.so.2 => /ngram/davetha-sdk/_rocm_sdk_libraries/lib/../../_rocm_sdk_core/lib/rocm_sysdeps/lib/librocm_sysdeps_drm.so.2 (0x00007f4b2c50c000)
	librocm_sysdeps_drm_amdgpu.so.1 => /ngram/davetha-sdk/_rocm_sdk_libraries/lib/../../_rocm_sdk_core/lib/rocm_sysdeps/lib/librocm_sysdeps_drm_amdgpu.so.1 (0x00007f4b0c413000)
	librocm_sysdeps_numa.so.1 => /ngram/davetha-sdk/_rocm_sdk_libraries/lib/../../_rocm_sdk_core/lib/rocm_sysdeps/lib/librocm_sysdeps_numa.so.1 (0x00007f4b2c4f9000)
	librocm_sysdeps_nl_genl_3.so.200 => /ngram/davetha-sdk/_rocm_sdk_libraries/lib/../../_rocm_sdk_core/lib/rocm_sysdeps/lib/librocm_sysdeps_nl_genl_3.so.200 (0x00007f4b3e402000)
	librocm_sysdeps_mnl.so.0 => /ngram/davetha-sdk/_rocm_sdk_libraries/lib/../../_rocm_sdk_core/lib/rocm_sysdeps/lib/librocm_sysdeps_mnl.so.0 (0x00007f4b0c409000)
	librocm_sysdeps_nl_3.so.200 => /ngram/davetha-sdk/_rocm_sdk_libraries/lib/../../_rocm_sdk_core/lib/rocm_sysdeps/lib/librocm_sysdeps_nl_3.so.200 (0x00007f4b0a5d6000)
	liborigami.so.1 => /ngram/davetha-sdk/_rocm_sdk_libraries/lib/liborigami.so.1 (0x00007f4b07f6d000)
	librocm_sysdeps_z.so.1 => /ngram/davetha-sdk/_rocm_sdk_libraries/lib/../../_rocm_sdk_core/lib/rocm_sysdeps/lib/librocm_sysdeps_z.so.1 (0x00007f4b0a5b5000)
	librocroller.so.1 => /ngram/davetha-sdk/_rocm_sdk_libraries/lib/librocroller.so.1 (0x00007f4aec200000)
	librocm_sysdeps_zstd.so.1 => /ngram/davetha-sdk/_rocm_sdk_core/lib/rocm_sysdeps/lib/librocm_sysdeps_zstd.so.1 (0x00007f4b0792c000)
	libclang-cpp.so.23.0git => /ngram/davetha-sdk/_rocm_sdk_core/lib/llvm/lib/libclang-cpp.so.23.0git (0x00007f4ae7200000)
	libLLVM.so.23.0git => /ngram/davetha-sdk/_rocm_sdk_core/lib/llvm/lib/libLLVM.so.23.0git (0x00007f4adfa00000)
	librocm_sysdeps_liblzma.so.5 => /ngram/davetha-sdk/_rocm_sdk_libraries/lib/../../_rocm_sdk_core/lib/rocm_sysdeps/lib/librocm_sysdeps_liblzma.so.5 (0x00007f4b0a580000)
	librocm_sysdeps_bz2.so => /ngram/davetha-sdk/_rocm_sdk_libraries/lib/../../_rocm_sdk_core/lib/rocm_sysdeps/lib/librocm_sysdeps_bz2.so (0x00007f4b08497000)
