	linux-vdso.so.1 (0x00007f46f372c000)
	librccl.so.1 => /ngram/davetha-sdk/_rocm_sdk_libraries/lib/librccl.so.1 (0x00007f46c1800000)
	libggml-base.so.0 => /workspace/flashnext-competition/stew-r30/build/bin/libggml-base.so.0 (0x00007f46f364a000)
	libhipblas.so.3 => /ngram/davetha-sdk/_rocm_sdk_libraries/lib/libhipblas.so.3 (0x00007f46e1713000)
	librocblas.so.5 => /ngram/davetha-sdk/_rocm_sdk_libraries/lib/librocblas.so.5 (0x00007f46bf800000)
	libamdhip64.so.7 => /ngram/davetha-sdk/_rocm_sdk_core/lib/libamdhip64.so.7 (0x00007f46bdc00000)
	libstdc++.so.6 => /lib/x86_64-linux-gnu/libstdc++.so.6 (0x00007f46bd982000)
	libm.so.6 => /lib/x86_64-linux-gnu/libm.so.6 (0x00007f46c1717000)
	libgcc_s.so.1 => /lib/x86_64-linux-gnu/libgcc_s.so.1 (0x00007f46f3617000)
	libc.so.6 => /lib/x86_64-linux-gnu/libc.so.6 (0x00007f46bd770000)
	/lib64/ld-linux-x86-64.so.2 (0x00007f46f372e000)
	librocprofiler-register.so.0 => /ngram/davetha-sdk/_rocm_sdk_libraries/lib/../../_rocm_sdk_core/lib/librocprofiler-register.so.0 (0x00007f46c161e000)
	libroctx64.so.4 => /ngram/davetha-sdk/_rocm_sdk_libraries/lib/../../_rocm_sdk_core/lib/libroctx64.so.4 (0x00007f46f360f000)
	libdl.so.2 => /lib/x86_64-linux-gnu/libdl.so.2 (0x00007f46f360a000)
	libhsa-runtime64.so.1 => /ngram/davetha-sdk/_rocm_sdk_libraries/lib/../../_rocm_sdk_core/lib/libhsa-runtime64.so.1 (0x00007f46bd200000)
	libamd_smi.so.27 => /ngram/davetha-sdk/_rocm_sdk_libraries/lib/../../_rocm_sdk_core/lib/libamd_smi.so.27 (0x00007f46bcc00000)
	librocm-core.so.1 => /ngram/davetha-sdk/_rocm_sdk_libraries/lib/../../_rocm_sdk_core/lib/librocm-core.so.1 (0x00007f46f3601000)
	libpthread.so.0 => /lib/x86_64-linux-gnu/libpthread.so.0 (0x00007f46e170e000)
	libomp.so => /ngram/davetha-sdk/_rocm_sdk_core/lib/llvm/lib/libomp.so (0x00007f46bd655000)
	librocsolver.so.0 => /ngram/davetha-sdk/_rocm_sdk_libraries/lib/librocsolver.so.0 (0x00007f46b9600000)
	libhipblaslt.so.1 => /ngram/davetha-sdk/_rocm_sdk_libraries/lib/libhipblaslt.so.1 (0x00007f46b8e00000)
	librocm_kpack.so.0 => /ngram/davetha-sdk/_rocm_sdk_core/lib/librocm_kpack.so.0 (0x00007f46bf7b1000)
	librt.so.1 => /lib/x86_64-linux-gnu/librt.so.1 (0x00007f46e1709000)
	libamd_comgr.so.3 => /ngram/davetha-sdk/_rocm_sdk_core/lib/libamd_comgr.so.3 (0x00007f46b8000000)
	librocm_sysdeps_elf.so.1 => /ngram/davetha-sdk/_rocm_sdk_libraries/lib/../../_rocm_sdk_core/lib/rocm_sysdeps/lib/librocm_sysdeps_elf.so.1 (0x00007f46bf791000)
	librocm_sysdeps_drm.so.2 => /ngram/davetha-sdk/_rocm_sdk_libraries/lib/../../_rocm_sdk_core/lib/rocm_sysdeps/lib/librocm_sysdeps_drm.so.2 (0x00007f46bf777000)
	librocm_sysdeps_drm_amdgpu.so.1 => /ngram/davetha-sdk/_rocm_sdk_libraries/lib/../../_rocm_sdk_core/lib/rocm_sysdeps/lib/librocm_sysdeps_drm_amdgpu.so.1 (0x00007f46bd1e7000)
	librocm_sysdeps_numa.so.1 => /ngram/davetha-sdk/_rocm_sdk_libraries/lib/../../_rocm_sdk_core/lib/rocm_sysdeps/lib/librocm_sysdeps_numa.so.1 (0x00007f46e16f4000)
	librocm_sysdeps_nl_genl_3.so.200 => /ngram/davetha-sdk/_rocm_sdk_libraries/lib/../../_rocm_sdk_core/lib/rocm_sysdeps/lib/librocm_sysdeps_nl_genl_3.so.200 (0x00007f46c1612000)
	librocm_sysdeps_mnl.so.0 => /ngram/davetha-sdk/_rocm_sdk_libraries/lib/../../_rocm_sdk_core/lib/rocm_sysdeps/lib/librocm_sysdeps_mnl.so.0 (0x00007f46c1608000)
	librocm_sysdeps_nl_3.so.200 => /ngram/davetha-sdk/_rocm_sdk_libraries/lib/../../_rocm_sdk_core/lib/rocm_sysdeps/lib/librocm_sysdeps_nl_3.so.200 (0x00007f46bd1bd000)
	liborigami.so.1 => /ngram/davetha-sdk/_rocm_sdk_libraries/lib/liborigami.so.1 (0x00007f46bd12a000)
	librocm_sysdeps_z.so.1 => /ngram/davetha-sdk/_rocm_sdk_libraries/lib/../../_rocm_sdk_core/lib/rocm_sysdeps/lib/librocm_sysdeps_z.so.1 (0x00007f46bcbdf000)
	librocroller.so.1 => /ngram/davetha-sdk/_rocm_sdk_libraries/lib/librocroller.so.1 (0x00007f46a1400000)
	librocm_sysdeps_zstd.so.1 => /ngram/davetha-sdk/_rocm_sdk_core/lib/rocm_sysdeps/lib/librocm_sysdeps_zstd.so.1 (0x00007f46bcb0b000)
	libclang-cpp.so.23.0git => /ngram/davetha-sdk/_rocm_sdk_core/lib/llvm/lib/libclang-cpp.so.23.0git (0x00007f469c400000)
	libLLVM.so.23.0git => /ngram/davetha-sdk/_rocm_sdk_core/lib/llvm/lib/libLLVM.so.23.0git (0x00007f4694c00000)
	librocm_sysdeps_liblzma.so.5 => /ngram/davetha-sdk/_rocm_sdk_libraries/lib/../../_rocm_sdk_core/lib/rocm_sysdeps/lib/librocm_sysdeps_liblzma.so.5 (0x00007f46bcad6000)
	librocm_sysdeps_bz2.so => /ngram/davetha-sdk/_rocm_sdk_libraries/lib/../../_rocm_sdk_core/lib/rocm_sysdeps/lib/librocm_sysdeps_bz2.so (0x00007f46bcabb000)
	linux-vdso.so.1 (0x00007fd81c817000)
	libggml-base.so.0 => /workspace/flashnext-competition/stew-r30/build/bin/libggml-base.so.0 (0x00007fd81c55d000)
	libomp.so => /ngram/davetha-sdk/_rocm_sdk_core/lib/llvm/lib/libomp.so (0x00007fd81c442000)
	libstdc++.so.6 => /lib/x86_64-linux-gnu/libstdc++.so.6 (0x00007fd81c1c1000)
	libm.so.6 => /lib/x86_64-linux-gnu/libm.so.6 (0x00007fd81c0d8000)
	libgcc_s.so.1 => /lib/x86_64-linux-gnu/libgcc_s.so.1 (0x00007fd81c0a8000)
	libc.so.6 => /lib/x86_64-linux-gnu/libc.so.6 (0x00007fd81be96000)
	libpthread.so.0 => /lib/x86_64-linux-gnu/libpthread.so.0 (0x00007fd81be91000)
	librt.so.1 => /lib/x86_64-linux-gnu/librt.so.1 (0x00007fd81be8c000)
	libdl.so.2 => /lib/x86_64-linux-gnu/libdl.so.2 (0x00007fd81be85000)
	/lib64/ld-linux-x86-64.so.2 (0x00007fd81c819000)
0.00.000.782 I srv  llama_server: initializing ...
0.00.004.352 E ggml_cuda_init: failed to initialize ROCm: no ROCm-capable device is detected
version: 0.5.0-dev (build 0, commit unknown)
built with Clang 23.0.0 for Linux x86_64
