pod/flashnext-stew-q6-cache-layer-c1-qualified-full created
WAIT stew-q6-cache-layer-c1-qualified-full Pending
WAIT stew-q6-cache-layer-c1-qualified-full Running
WAIT stew-q6-cache-layer-c1-qualified-full Running
WAIT stew-q6-cache-layer-c1-qualified-full Running
WAIT stew-q6-cache-layer-c1-qualified-full Running
WAIT stew-q6-cache-layer-c1-qualified-full Running
WAIT stew-q6-cache-layer-c1-qualified-full Running
WAIT stew-q6-cache-layer-c1-qualified-full Running
WAIT stew-q6-cache-layer-c1-qualified-full Running
WAIT stew-q6-cache-layer-c1-qualified-full Running
flashnext-iggy-stage pause 0 paused []
 
flashnext-r9v-stage pause 0 paused []
 
flashnext-davetha-stage pause 0 paused []
 
flashnext-public-download pause 0 paused []
 
PROTOCOL stew-q6-cache-layer-c1-qualified-full common exit 0
PROTOCOL stew-q6-cache-layer-c1-qualified-full decode exit 0
PROTOCOL stew-q6-cache-layer-c1-qualified-full pp exit 0
arithmetic True
json True
tool True
flashnext-iggy-stage resume 0 resumed []
 
flashnext-r9v-stage resume 0 resumed []
 
flashnext-davetha-stage resume 0 resumed []
 
flashnext-public-download resume 0 resumed []
 
PROFILE_COMPLETE stew-q6-cache-layer-c1-qualified-full benchmark_exit 0
