pod/flashnext-stew-q6-all-cache-c1-reserve4-full created
WAIT stew-q6-all-cache-c1-reserve4-full Pending
WAIT stew-q6-all-cache-c1-reserve4-full Running
WAIT stew-q6-all-cache-c1-reserve4-full Running
WAIT stew-q6-all-cache-c1-reserve4-full Running
WAIT stew-q6-all-cache-c1-reserve4-full Running
WAIT stew-q6-all-cache-c1-reserve4-full Running
WAIT stew-q6-all-cache-c1-reserve4-full Running
WAIT stew-q6-all-cache-c1-reserve4-full Running
WAIT stew-q6-all-cache-c1-reserve4-full Running
WAIT stew-q6-all-cache-c1-reserve4-full Running
flashnext-iggy-stage pause 0 paused []
 
flashnext-r9v-stage pause 0 paused []
 
flashnext-davetha-stage pause 0 paused []
 
flashnext-public-download pause 0 paused []
 
PROTOCOL stew-q6-all-cache-c1-reserve4-full common exit 1
arithmetic True
json True
tool True
flashnext-iggy-stage resume 0 resumed []
 
flashnext-r9v-stage resume 0 resumed []
 
flashnext-davetha-stage resume 0 resumed []
 
flashnext-public-download resume 0 resumed []
 
PROFILE_COMPLETE stew-q6-all-cache-c1-reserve4-full benchmark_exit 1
