CONTAINER numerical-qualification
QUALIFY_PHYSICAL_GPU:1
synthetic-Q2_0-GU-pass0: type=42 rows=7 experts=3 ref_rms=1.98041 rel_l2=0.00106754 max_abs/ref_rms=0.00380488 zero_row_max=0
synthetic-Q2_0-down-pass0: type=42 rows=7 experts=3 ref_rms=2.10697 rel_l2=0.000617685 max_abs/ref_rms=0.00253579 zero_row_max=0
synthetic-Q2_0-GU-pass1: type=42 rows=7 experts=3 ref_rms=1.98512 rel_l2=0.0011973 max_abs/ref_rms=0.00416652 zero_row_max=0
synthetic-Q2_0-down-pass1: type=42 rows=7 experts=3 ref_rms=2.12958 rel_l2=0.000538054 max_abs/ref_rms=0.00216068 zero_row_max=0
synthetic-Q2_0-GU-pass2: type=42 rows=5 experts=2 ref_rms=1.90121 rel_l2=0.00125928 max_abs/ref_rms=0.00443 zero_row_max=0
synthetic-Q2_0-down-pass2: type=42 rows=5 experts=2 ref_rms=2.0192 rel_l2=0.000491596 max_abs/ref_rms=0.00196968 zero_row_max=0
MMQ parity screen passed
strata: STRATA_HIP_WMMA: the prompt attention on matrix cores on (gfx1201)
PASS int8 ctx 32768, 2048 queries: vs FP64 old 2.13e-06 new 2.64e-06 (output scale 3.62); new vs old 6.32e-06 (1.7e-06 of scale); 43.947 -> 6.198 ms per chunk (7.09x)
PASS int8 ctx 1500, 1500 queries: vs FP64 old 1.78e-06 new 3.57e-06 (output scale 3.57); new vs old 5.25e-06 (1.4e-06 of scale); 13.863 -> 1.790 ms per chunk (7.74x)
PASS int8 ctx 2100, 256 queries: vs FP64 old 2.03e-06 new 3.13e-06 (output scale 3.61); new vs old 4.05e-06 (1.1e-06 of scale); 5.547 -> 0.808 ms per chunk (6.87x)
FAILURES: 0
PASS 512 experts, k 10, 65536 rows: fast kernel vs the portable kernel: 0 rows differ
PASS 512 experts, k 10, 65536 rows: fast kernel, serial path vs the portable kernel: 0 rows differ
  portable: 51.81 us per single-token call
  fast: 11.43 us per single-token call
PASS 256 experts, k 8, 8192 rows: fast kernel vs the portable kernel: 0 rows differ
PASS 256 experts, k 8, 8192 rows: fast kernel, serial path vs the portable kernel: 0 rows differ
  portable: 43.89 us per single-token call
  fast: 9.07 us per single-token call
FAILURES: 0
QUALIFY_PHYSICAL_GPU:0
synthetic-Q2_0-GU-pass0: type=42 rows=7 experts=3 ref_rms=1.98041 rel_l2=0.00106754 max_abs/ref_rms=0.00380488 zero_row_max=0
synthetic-Q2_0-down-pass0: type=42 rows=7 experts=3 ref_rms=2.10697 rel_l2=0.000617685 max_abs/ref_rms=0.00253579 zero_row_max=0
synthetic-Q2_0-GU-pass1: type=42 rows=7 experts=3 ref_rms=1.98512 rel_l2=0.0011973 max_abs/ref_rms=0.00416652 zero_row_max=0
synthetic-Q2_0-down-pass1: type=42 rows=7 experts=3 ref_rms=2.12958 rel_l2=0.000538054 max_abs/ref_rms=0.00216068 zero_row_max=0
synthetic-Q2_0-GU-pass2: type=42 rows=5 experts=2 ref_rms=1.90121 rel_l2=0.00125928 max_abs/ref_rms=0.00443 zero_row_max=0
synthetic-Q2_0-down-pass2: type=42 rows=5 experts=2 ref_rms=2.0192 rel_l2=0.000491596 max_abs/ref_rms=0.00196968 zero_row_max=0
MMQ parity screen passed
strata: STRATA_HIP_WMMA: the prompt attention on matrix cores on (gfx1201)
PASS int8 ctx 32768, 2048 queries: vs FP64 old 2.13e-06 new 2.64e-06 (output scale 3.62); new vs old 6.32e-06 (1.7e-06 of scale); 43.376 -> 5.919 ms per chunk (7.33x)
PASS int8 ctx 1500, 1500 queries: vs FP64 old 1.78e-06 new 3.57e-06 (output scale 3.57); new vs old 5.25e-06 (1.4e-06 of scale); 14.095 -> 1.764 ms per chunk (7.99x)
PASS int8 ctx 2100, 256 queries: vs FP64 old 2.03e-06 new 3.13e-06 (output scale 3.61); new vs old 4.05e-06 (1.1e-06 of scale); 5.517 -> 0.793 ms per chunk (6.95x)
FAILURES: 0
PASS 512 experts, k 10, 65536 rows: fast kernel vs the portable kernel: 0 rows differ
PASS 512 experts, k 10, 65536 rows: fast kernel, serial path vs the portable kernel: 0 rows differ
  portable: 28.70 us per single-token call
  fast: 12.08 us per single-token call
PASS 256 experts, k 8, 8192 rows: fast kernel vs the portable kernel: 0 rows differ
PASS 256 experts, k 8, 8192 rows: fast kernel, serial path vs the portable kernel: 0 rows differ
  portable: 20.72 us per single-token call
  fast: 9.64 us per single-token call
FAILURES: 0
CONTAINER runtime
loading the model (the first start takes a minute or two) ...
[strata] layer split across GPUs [1, 0] (auto)
[strata] starting the engine: reading the model's weights ...
Traceback (most recent call last):
  File "/workspace/flashnext-competition/strata-bench-adapter.py", line 56, in <module>
    raise SystemExit(S.main())
                     ^^^^^^^^
  File "/workspace/flashnext-competition/strata/src/serve/server.py", line 4001, in main
    engine = StrataEngine(exe, engine_args(cfg) + (effort_end or []), cwd=cfg.get("cwd"), log=cfg.get("log"),
             ^^^^^^^^^^^^^^^^^^^^^^^^^^^^^^^^^^^^^^^^^^^^^^^^^^^^^^^^^^^^^^^^^^^^^^^^^^^^^^^^^^^^^^^^^^^^^^^^
  File "/workspace/flashnext-competition/strata/src/serve/server.py", line 478, in __init__
    raise RuntimeError("the engine exited before it was ready" + (f" (see {log})" if log else "") +
RuntimeError: the engine exited before it was ready (see /workspace/flashnext-competition/results/strata-public-dual-engine.log)
the engine log's last lines:
  strata generate: layer split across 2 GPUs: CUDA0, then CUDA1 (split auto)
  strata generate: PCIe probe: 28.4 GB/s host->device (best of 28.4 28.3 28.4 28.2) -> pcie_frac 0.55 (default 0.55)
  strata generate: this CPU has no AVX-512: the expert kernels run on AVX-2 (multi-token for the i-quant gate/up rows)
  strata generate: native pack: /archive/llmkube/flashnext-iggy/strata/iq4-xs-pack experts (largest blob 3.48 MB), token embedding Q8_0 in mapped host memory (644 MiB)
  strata generate: 1416 MiB of weights loaded from /archive/llmkube/flashnext-iggy/strata/iq4-xs-pack (303 canonical tensors skipped: served natively)
  strata generate: native dense projections: native dense: additional shard must match the architecture-validated first shard's split metadata
