strata generate: layer split across 2 GPUs: CUDA0, then CUDA1 (split auto)
strata generate: PCIe probe: 28.4 GB/s host->device (best of 28.4 28.3 28.3 28.4) -> pcie_frac 0.55 (default 0.55)
strata generate: this CPU has no AVX-512: the expert kernels run on AVX-2 (multi-token for the i-quant gate/up rows)
strata generate: native pack: /archive/llmkube/flashnext-iggy/strata/iq4-xs-pack experts (largest blob 3.48 MB), token embedding Q8_0 in mapped host memory (644 MiB)
strata generate: 1416 MiB of weights loaded from /archive/llmkube/flashnext-iggy/strata/iq4-xs-pack (303 canonical tensors skipped: served natively)
strata generate: 301 native projection matrices, 2975.00 MiB of weights
strata generate: the SSD is kept awake while rows are read: one page of the table after 100 ms without a read, until 60 s after the last request (STRATA_SSD_KEEPALIVE=0 turns it off)
strata generate: layer split: CUDA1 PCIe probe 6.5 GB/s (best of 6.5 6.5 6.5 6.5) -> pcie_frac 0.18
strata generate: layer split: CUDA1 holds its weights; 27.23 GiB free (its session follows the split search)
strata generate: profile data/expert-profile.bin: 24576 ranked pairs, built for 24576 slots
strata generate: layer split auto: CUDA0 32 SMs at 2.35 GHz -> 0.96 ms per layer, 26.54 GiB free before its session carve
strata generate: layer split auto: CUDA1 32 SMs at 2.35 GHz -> 0.96 ms per layer, 25.48 GiB free before its session carve
strata generate: layer split auto: K=25 - predicted 46.8 ms per decode window; the caches hold 22206 of 24576 profiled pairs (~99.7% of the routed mass)
strata generate: PLE on, table 320001536 rows of /ngram/strata/ple-iq4-nl.gguf
strata generate: layer split: CUDA1 holds its weights, session [25, 48) and the head; 25.79 GiB free
strata mtp: draft layer loaded, 950 MiB of VRAM (experts 675, dense 111), files read in 8.16 s (96 MiB/s)
strata generate: GPU 0: AMD Radeon AI PRO R9700 (gfx1201)
strata generate: expert arena read through the file cache (buffered (not Windows))
strata generate: expert arena: cudaHostRegister PORTABLE ok; MAP_HUGETLB unavailable (needed 28383 2 MiB pages, vm.nr_hugepages=1024); transparent huge pages requested (MADV_HUGEPAGE)
strata generate: loaded 55.43 GiB at 0.12 GiB/s
strata generate: expert cache auto: 26.26 GiB free, 700 MiB reserved (+0 MiB for the draft head) -> 7887 slots
strata generate: expert cache 11395 slots, 25.57 GiB of VRAM; policy is
strata generate: the GPU computes the experts in the cache; it rounds differently from the CPU,
                 so a reply can differ slightly from a run without the cache (same quality:
                 bench/results/2026-09-27-cache-parity).
                 PROFILE, ranked by routing frequency, no eviction.
strata generate: pre-filled 11395 of 11395 slots from the profile; slot 0 verified
strata generate: layer split, CUDA1: 24.85 GiB free of 31.86, room for experts 24.07 GiB
strata generate: layer split: CUDA1 runs layers 25-47, expert cache 10614 slots (24.07 GiB), 10614 of its 11776 profiled pairs; slot 0 verified
strata generate: layer split: CUDA0 runs layers 0-24
strata generate: R4 hit path ON - resident experts are computed on the GPU
strata generate: 11 expert-pool workers + the host thread
strata generate: session is up (engine 0.1.39)
strata generate: token graph hit path: 22009 resident experts, decided on the device
strata serve: layer split: 90% of the experts resident, the prompt path's streamed ring 96 slots
strata serve: prompt chunk auto: 8192 tokens, a 96-slot ring
strata serve: the prompt path borrows 1556 CUDA0 cache slots (3.49 GiB)
strata serve:   CUDA1 prompt path borrows 1529 of its 10614 slots (3.49 GiB)
strata hc: CUDA1: the hyper-connection read runs as staged (the norm per token and stream, the down projection's activations staged ahead by cp.async); checked bit for bit against the plain read on this card (STRATA_HC_SPLIT=1 or 0 for the earlier ones)
strata verify: window up to 6 tokens, 87.2 MiB of device buffers
strata serve: layer split: layers 0-24 (CUDA0), 25-47 (CUDA1), one hand-off per window
strata hc: CUDA0: the hyper-connection read runs as staged (the norm per token and stream, the down projection's activations staged ahead by cp.async); checked bit for bit against the plain read on this card (STRATA_HC_SPLIT=1 or 0 for the earlier ones)
strata verify: window up to 6 tokens, 87.2 MiB of device buffers
strata mtp: draft head over 106299 tokens (212.9 MiB)
strata serve: 580 MiB of VRAM free with everything loaded
strata verify: captured the 6-token window (upload no error, sync no error)
strata verify: captured the 6-token window (upload no error, sync no error)
strata verify: captured the 3-token window (upload no error, sync no error)
strata verify: captured the 3-token window (upload no error, sync no error)
strata verify: captured the 1-token window (upload no error, sync no error)
strata verify: captured the 1-token window (upload no error, sync no error)
strata verify: captured the 2-token window (upload no error, sync no error)
strata verify: captured the 2-token window (upload no error, sync no error)
strata verify: captured the 4-token window (upload no error, sync no error)
strata verify: captured the 4-token window (upload no error, sync no error)
strata serve: prompt 16 tokens = 0 reused + 16 read in 264 ms (60.5 tok/s), 256 generated in 5649 ms (45.3 tok/s), drafts accepted 114 of 134, 0 checkpoints
strata serve: decode expert cache hit rate: 99.3% (131517 hits / 132430 lookups); 50 more read by the GPU over PCIe or from another GPU (0.0% of all 132480 routed)
strata serve: suffix drafts: 1 windows, 1 of 1 drafts accepted
strata serve: prompt 16 tokens = 0 reused + 16 read in 175 ms (91.2 tok/s), 256 generated in 5778 ms (44.3 tok/s), drafts accepted 115 of 151, 0 checkpoints
strata serve: decode expert cache hit rate: 99.6% (140003 hits / 140592 lookups); 48 more read by the GPU over PCIe or from another GPU (0.0% of all 140640 routed)
strata serve: prompt 16 tokens = 0 reused + 16 read in 176 ms (91.1 tok/s), 256 generated in 5297 ms (48.3 tok/s), drafts accepted 120 of 145, 0 checkpoints
strata serve: decode expert cache hit rate: 99.5% (134703 hits / 135322 lookups); 38 more read by the GPU over PCIe or from another GPU (0.0% of all 135360 routed)
strata verify: captured the 5-token window (upload no error, sync no error)
strata verify: captured the 5-token window (upload no error, sync no error)
strata serve: prompt 24 tokens = 0 reused + 24 read in 223 ms (107.6 tok/s), 800 generated in 12554 ms (63.7 tok/s), drafts accepted 546 of 749, 0 checkpoints
strata serve: decode expert cache hit rate: 99.0% (476245 hits / 480956 lookups); 964 more read by the GPU over PCIe or from another GPU (0.2% of all 481920 routed)
strata serve: suffix drafts: 47 windows, 157 of 235 drafts accepted
strata serve: prompt 24 tokens = 0 reused + 24 read in 205 ms (117.0 tok/s), 800 generated in 12362 ms (64.7 tok/s), drafts accepted 542 of 774, 0 checkpoints
strata serve: decode expert cache hit rate: 99.7% (494023 hits / 495600 lookups); 240 more read by the GPU over PCIe or from another GPU (0.0% of all 495840 routed)
strata serve: suffix drafts: 57 windows, 183 of 285 drafts accepted
strata serve: prompt 24 tokens = 0 reused + 24 read in 205 ms (117.0 tok/s), 800 generated in 12530 ms (63.8 tok/s), drafts accepted 547 of 759, 0 checkpoints
strata serve: decode expert cache hit rate: 99.8% (485033 hits / 486116 lookups); 124 more read by the GPU over PCIe or from another GPU (0.0% of all 486240 routed)
strata serve: suffix drafts: 47 windows, 153 of 235 drafts accepted
strata serve: prompt 20 tokens = 0 reused + 20 read in 145 ms (138.2 tok/s), 600 generated in 10732 ms (55.9 tok/s), drafts accepted 386 of 576, 0 checkpoints
strata serve: decode expert cache hit rate: 99.6% (378070 hits / 379553 lookups); 127 more read by the GPU over PCIe or from another GPU (0.0% of all 379680 routed)
strata serve: suffix drafts: 16 windows, 29 of 80 drafts accepted
strata serve: prompt 20 tokens = 0 reused + 20 read in 143 ms (140.3 tok/s), 600 generated in 11921 ms (50.3 tok/s), drafts accepted 379 of 548, 0 checkpoints
strata serve: decode expert cache hit rate: 99.9% (369133 hits / 369582 lookups); 18 more read by the GPU over PCIe or from another GPU (0.0% of all 369600 routed)
strata serve: suffix drafts: 7 windows, 17 of 35 drafts accepted
strata serve: prompt 20 tokens = 0 reused + 20 read in 143 ms (140.3 tok/s), 600 generated in 11659 ms (51.5 tok/s), drafts accepted 373 of 552, 0 checkpoints
strata serve: decode expert cache hit rate: 99.8% (373778 hits / 374361 lookups); 39 more read by the GPU over PCIe or from another GPU (0.0% of all 374400 routed)
strata serve: suffix drafts: 7 windows, 14 of 35 drafts accepted
strata serve: prompt 1024 tokens = 0 reused + 1024 read in 4103 ms (249.6 tok/s), 1 generated in 26 ms (39.0 tok/s), drafts accepted 0 of 0, 0 checkpoints
strata serve: decode expert cache hit rate: 98.8% (474 hits / 480 lookups)
strata serve: prompt 8191 tokens = 0 reused + 8191 read in 5819 ms (1407.7 tok/s), 1 generated in 30 ms (33.2 tok/s), drafts accepted 0 of 0, 0 checkpoints
strata serve: decode expert cache hit rate: 99.0% (475 hits / 480 lookups)
strata serve: prompt 8192 tokens = 0 reused + 8192 read in 5657 ms (1448.0 tok/s), 1 generated in 28 ms (35.6 tok/s), drafts accepted 0 of 0, 0 checkpoints
strata serve: decode expert cache hit rate: 99.4% (477 hits / 480 lookups)
strata serve: prompt 8192 tokens = 0 reused + 8192 read in 5790 ms (1414.8 tok/s), 1 generated in 30 ms (33.7 tok/s), drafts accepted 0 of 0, 0 checkpoints
strata serve: decode expert cache hit rate: 95.3% (451 hits / 473 lookups); 7 more read by the GPU over PCIe or from another GPU (1.5% of all 480 routed)
strata serve: prompt 8192 tokens = 0 reused + 8192 read in 5730 ms (1429.6 tok/s), 1 generated in 30 ms (33.9 tok/s), drafts accepted 0 of 0, 0 checkpoints
strata serve: decode expert cache hit rate: 95.0% (455 hits / 479 lookups); 1 more read by the GPU over PCIe or from another GPU (0.2% of all 480 routed)
strata serve: prompt 8192 tokens = 0 reused + 8192 read in 5788 ms (1415.3 tok/s), 1 generated in 30 ms (33.2 tok/s), drafts accepted 0 of 0, 0 checkpoints
strata serve: decode expert cache hit rate: 96.2% (459 hits / 477 lookups); 3 more read by the GPU over PCIe or from another GPU (0.6% of all 480 routed)
strata serve: prompt 8192 tokens = 0 reused + 8192 read in 5716 ms (1433.3 tok/s), 1 generated in 30 ms (33.0 tok/s), drafts accepted 0 of 0, 0 checkpoints
strata serve: decode expert cache hit rate: 93.0% (441 hits / 474 lookups); 6 more read by the GPU over PCIe or from another GPU (1.2% of all 480 routed)
strata serve: prompt 8192 tokens = 0 reused + 8192 read in 5690 ms (1439.8 tok/s), 1 generated in 30 ms (32.9 tok/s), drafts accepted 0 of 0, 0 checkpoints
strata serve: decode expert cache hit rate: 93.0% (440 hits / 473 lookups); 7 more read by the GPU over PCIe or from another GPU (1.5% of all 480 routed)
strata serve: prompt 8192 tokens = 0 reused + 8192 read in 5684 ms (1441.3 tok/s), 1 generated in 29 ms (34.1 tok/s), drafts accepted 0 of 0, 0 checkpoints
strata serve: decode expert cache hit rate: 100.0% (480 hits / 480 lookups)
strata serve: prompt 8192 tokens = 0 reused + 8192 read in 5620 ms (1457.8 tok/s), 1 generated in 31 ms (32.3 tok/s), drafts accepted 0 of 0, 0 checkpoints
strata serve: decode expert cache hit rate: 100.0% (480 hits / 480 lookups)
strata serve: prompt 8192 tokens = 0 reused + 8192 read in 5672 ms (1444.4 tok/s), 1 generated in 29 ms (34.3 tok/s), drafts accepted 0 of 0, 0 checkpoints
strata serve: decode expert cache hit rate: 97.1% (466 hits / 480 lookups)
strata serve: prompt 32768 tokens = 0 reused + 32768 read in 14629 ms (2239.9 tok/s), 1 generated in 31 ms (32.3 tok/s), drafts accepted 0 of 0, 0 checkpoints
strata serve: decode expert cache hit rate: 92.6% (439 hits / 474 lookups); 6 more read by the GPU over PCIe or from another GPU (1.2% of all 480 routed)
strata serve: prompt 32768 tokens = 0 reused + 32768 read in 14690 ms (2230.6 tok/s), 16 generated in 201 ms (79.7 tok/s), drafts accepted 15 of 15, 0 checkpoints
strata serve: decode expert cache hit rate: 94.1% (8353 hits / 8881 lookups); 239 more read by the GPU over PCIe or from another GPU (2.6% of all 9120 routed)
strata serve: suffix drafts: 3 windows, 15 of 15 drafts accepted
strata serve: prompt 32768 tokens = 0 reused + 32768 read in 15193 ms (2156.8 tok/s), 16 generated in 554 ms (28.9 tok/s), drafts accepted 2 of 11, 0 checkpoints
strata serve: decode expert cache hit rate: 94.3% (11151 hits / 11831 lookups); 169 more read by the GPU over PCIe or from another GPU (1.4% of all 12000 routed)
strata serve: prompt 65536 tokens = 0 reused + 65536 read in 25298 ms (2590.6 tok/s), 1 generated in 30 ms (33.7 tok/s), drafts accepted 0 of 0, 0 checkpoints
strata serve: decode expert cache hit rate: 97.7% (465 hits / 476 lookups); 4 more read by the GPU over PCIe or from another GPU (0.8% of all 480 routed)
strata serve: prompt 65536 tokens = 0 reused + 65536 read in 25343 ms (2586.0 tok/s), 16 generated in 175 ms (91.4 tok/s), drafts accepted 12 of 15, 0 checkpoints
strata serve: decode expert cache hit rate: 97.9% (8878 hits / 9073 lookups); 47 more read by the GPU over PCIe or from another GPU (0.5% of all 9120 routed)
strata serve: suffix drafts: 3 windows, 12 of 15 drafts accepted
strata serve: prompt 1512 tokens = 0 reused + 1512 read in 1464 ms (1033.0 tok/s), 256 generated in 6152 ms (41.6 tok/s), drafts accepted 128 of 198, 0 checkpoints
strata serve: decode expert cache hit rate: 99.5% (156165 hits / 156888 lookups); 72 more read by the GPU over PCIe or from another GPU (0.0% of all 156960 routed)
strata serve: suffix drafts: 6 windows, 21 of 30 drafts accepted
strata serve: prompt 1512 tokens = 0 reused + 1512 read in 1446 ms (1045.7 tok/s), 256 generated in 6005 ms (42.6 tok/s), drafts accepted 129 of 197, 0 checkpoints
strata serve: decode expert cache hit rate: 99.7% (155523 hits / 155967 lookups); 33 more read by the GPU over PCIe or from another GPU (0.0% of all 156000 routed)
strata serve: suffix drafts: 7 windows, 27 of 35 drafts accepted
strata serve: prompt 1512 tokens = 0 reused + 1512 read in 1452 ms (1041.1 tok/s), 256 generated in 5377 ms (47.6 tok/s), drafts accepted 134 of 187, 0 checkpoints
strata serve: decode expert cache hit rate: 99.8% (148445 hits / 148778 lookups); 22 more read by the GPU over PCIe or from another GPU (0.0% of all 148800 routed)
strata serve: suffix drafts: 6 windows, 26 of 30 drafts accepted
strata serve: prompt 40712 tokens = 0 reused + 40712 read in 17050 ms (2387.8 tok/s), 256 generated in 5934 ms (43.1 tok/s), drafts accepted 121 of 197, 0 checkpoints
strata serve: decode expert cache hit rate: 99.8% (159554 hits / 159832 lookups); 8 more read by the GPU over PCIe or from another GPU (0.0% of all 159840 routed)
strata serve: suffix drafts: 9 windows, 27 of 45 drafts accepted
strata serve: prompt 40712 tokens = 0 reused + 40712 read in 17096 ms (2381.4 tok/s), 256 generated in 5644 ms (45.4 tok/s), drafts accepted 135 of 224, 0 checkpoints
strata serve: decode expert cache hit rate: 99.8% (165759 hits / 166069 lookups); 11 more read by the GPU over PCIe or from another GPU (0.0% of all 166080 routed)
strata serve: suffix drafts: 14 windows, 44 of 70 drafts accepted
strata serve: prompt 40712 tokens = 0 reused + 40712 read in 17068 ms (2385.3 tok/s), 256 generated in 6042 ms (42.4 tok/s), drafts accepted 139 of 225, 0 checkpoints
strata serve: decode expert cache hit rate: 99.8% (163901 hits / 164152 lookups); 8 more read by the GPU over PCIe or from another GPU (0.0% of all 164160 routed)
strata serve: suffix drafts: 11 windows, 31 of 55 drafts accepted
strata serve: prompt 1539 tokens = 0 reused + 1539 read in 1499 ms (1026.4 tok/s), 256 generated in 5074 ms (50.4 tok/s), drafts accepted 139 of 184, 0 checkpoints
strata serve: decode expert cache hit rate: 99.8% (144213 hits / 144464 lookups); 16 more read by the GPU over PCIe or from another GPU (0.0% of all 144480 routed)
strata serve: suffix drafts: 9 windows, 33 of 45 drafts accepted
strata serve: prompt 1539 tokens = 0 reused + 1539 read in 1503 ms (1024.0 tok/s), 256 generated in 4449 ms (57.5 tok/s), drafts accepted 156 of 210, 0 checkpoints
strata serve: decode expert cache hit rate: 99.8% (148501 hits / 148791 lookups); 9 more read by the GPU over PCIe or from another GPU (0.0% of all 148800 routed)
strata serve: suffix drafts: 20 windows, 87 of 100 drafts accepted
strata serve: prompt 40739 tokens = 0 reused + 40739 read in 17031 ms (2392.1 tok/s), 256 generated in 4943 ms (51.8 tok/s), drafts accepted 147 of 211, 0 checkpoints
strata serve: decode expert cache hit rate: 99.8% (153831 hits / 154070 lookups); 10 more read by the GPU over PCIe or from another GPU (0.0% of all 154080 routed)
strata serve: suffix drafts: 14 windows, 54 of 70 drafts accepted
strata serve: prompt 40739 tokens = 0 reused + 40739 read in 17007 ms (2395.4 tok/s), 256 generated in 5844 ms (43.8 tok/s), drafts accepted 132 of 225, 0 checkpoints
strata serve: decode expert cache hit rate: 99.9% (167313 hits / 167510 lookups); 10 more read by the GPU over PCIe or from another GPU (0.0% of all 167520 routed)
strata serve: suffix drafts: 10 windows, 30 of 50 drafts accepted
strata serve: prompt 29 tokens = 0 reused + 29 read in 212 ms (136.6 tok/s), 4 generated in 135 ms (29.7 tok/s), drafts accepted 4 of 6, 0 checkpoints
strata serve: decode expert cache hit rate: 96.8% (4152 hits / 4289 lookups); 31 more read by the GPU over PCIe or from another GPU (0.7% of all 4320 routed)
strata serve: prompt 108 tokens = 0 reused + 108 read in 334 ms (322.9 tok/s), 14 generated in 245 ms (57.1 tok/s), drafts accepted 12 of 12, 0 checkpoints
strata serve: decode expert cache hit rate: 97.0% (7850 hits / 8094 lookups); 66 more read by the GPU over PCIe or from another GPU (0.8% of all 8160 routed)
strata serve: prompt 280 tokens = 0 reused + 280 read in 716 ms (390.9 tok/s), 26 generated in 402 ms (64.7 tok/s), drafts accepted 20 of 25, 0 checkpoints
strata serve: decode expert cache hit rate: 97.5% (15348 hits / 15735 lookups); 105 more read by the GPU over PCIe or from another GPU (0.7% of all 15840 routed)
strata serve: suffix drafts: 2 windows, 7 of 10 drafts accepted
