strata generate: layer split across 2 GPUs: CUDA0, then CUDA1 (split auto)
strata generate: PCIe probe: 28.4 GB/s host->device (best of 28.3 28.4 28.3 28.3) -> pcie_frac 0.55 (default 0.55)
strata generate: this CPU has no AVX-512: the expert kernels run on AVX-2 (multi-token for the i-quant gate/up rows)
strata generate: native pack: /archive/llmkube/flashnext-iggy/strata/iq4-xs-pack experts (largest blob 3.48 MB), token embedding Q8_0 in mapped host memory (644 MiB)
strata generate: 1416 MiB of weights loaded from /archive/llmkube/flashnext-iggy/strata/iq4-xs-pack (303 canonical tensors skipped: served natively)
strata generate: 301 native projection matrices, 2975.00 MiB of weights
strata generate: the SSD is kept awake while rows are read: one page of the table after 100 ms without a read, until 60 s after the last request (STRATA_SSD_KEEPALIVE=0 turns it off)
strata generate: layer split: CUDA1 PCIe probe 6.5 GB/s (best of 6.5 6.5 6.5 6.5) -> pcie_frac 0.18
strata generate: layer split: CUDA1 holds its weights; 27.23 GiB free (its session follows the split search)
strata generate: profile data/expert-profile.bin: 24576 ranked pairs, built for 24576 slots
strata generate: layer split auto: CUDA0 32 SMs at 2.35 GHz -> 0.96 ms per layer, 26.54 GiB free before its session carve
strata generate: layer split auto: CUDA1 32 SMs at 2.35 GHz -> 0.96 ms per layer, 25.48 GiB free before its session carve
strata generate: layer split auto: K=25 - predicted 46.8 ms per decode window; the caches hold 22206 of 24576 profiled pairs (~99.7% of the routed mass)
strata generate: PLE on, table 320001536 rows of /ngram/strata/ple-iq4-nl.gguf
strata generate: layer split: CUDA1 holds its weights, session [25, 48) and the head; 25.79 GiB free
strata mtp: draft layer loaded, 950 MiB of VRAM (experts 675, dense 111), files read in 8.71 s (90 MiB/s)
strata generate: GPU 0: AMD Radeon AI PRO R9700 (gfx1201)
strata generate: expert arena read through the file cache (buffered (not Windows))
strata generate: expert arena: cudaHostRegister PORTABLE ok; MAP_HUGETLB unavailable (needed 28383 2 MiB pages, vm.nr_hugepages=1024); transparent huge pages requested (MADV_HUGEPAGE)
strata generate: loaded 55.43 GiB at 0.09 GiB/s
strata generate: expert cache auto: 26.26 GiB free, 700 MiB reserved (+0 MiB for the draft head) -> 7887 slots
strata generate: expert cache 11395 slots, 25.57 GiB of VRAM; policy is
strata generate: the GPU computes the experts in the cache; it rounds differently from the CPU,
                 so a reply can differ slightly from a run without the cache (same quality:
                 bench/results/2026-09-27-cache-parity).
                 PROFILE, ranked by routing frequency, no eviction.
strata generate: pre-filled 11395 of 11395 slots from the profile; slot 0 verified
strata generate: layer split, CUDA1: 24.85 GiB free of 31.86, room for experts 24.07 GiB
strata generate: layer split: CUDA1 runs layers 25-47, expert cache 10614 slots (24.07 GiB), 10614 of its 11776 profiled pairs; slot 0 verified
strata generate: layer split: CUDA0 runs layers 0-24
strata generate: R4 hit path ON - resident experts are computed on the GPU
strata generate: 11 expert-pool workers + the host thread
strata generate: session is up (engine 0.1.39)
strata generate: token graph hit path: 22009 resident experts, decided on the device
strata serve: layer split: 90% of the experts resident, the prompt path's streamed ring 96 slots
strata serve: prompt chunk auto: 8192 tokens, a 96-slot ring
strata serve: the prompt path borrows 1556 CUDA0 cache slots (3.49 GiB)
strata serve:   CUDA1 prompt path borrows 1529 of its 10614 slots (3.49 GiB)
strata hc: CUDA1: the hyper-connection read runs as staged (the norm per token and stream, the down projection's activations staged ahead by cp.async); checked bit for bit against the plain read on this card (STRATA_HC_SPLIT=1 or 0 for the earlier ones)
strata verify: window up to 6 tokens, 87.2 MiB of device buffers
strata serve: layer split: layers 0-24 (CUDA0), 25-47 (CUDA1), one hand-off per window
strata hc: CUDA0: the hyper-connection read runs as staged (the norm per token and stream, the down projection's activations staged ahead by cp.async); checked bit for bit against the plain read on this card (STRATA_HC_SPLIT=1 or 0 for the earlier ones)
strata verify: window up to 6 tokens, 87.2 MiB of device buffers
strata mtp: draft head over 106299 tokens (212.9 MiB)
strata serve: 580 MiB of VRAM free with everything loaded
strata verify: captured the 6-token window (upload no error, sync no error)
strata verify: captured the 6-token window (upload no error, sync no error)
strata verify: captured the 3-token window (upload no error, sync no error)
strata verify: captured the 3-token window (upload no error, sync no error)
strata verify: captured the 1-token window (upload no error, sync no error)
strata verify: captured the 1-token window (upload no error, sync no error)
strata verify: captured the 2-token window (upload no error, sync no error)
strata verify: captured the 2-token window (upload no error, sync no error)
strata verify: captured the 4-token window (upload no error, sync no error)
strata verify: captured the 4-token window (upload no error, sync no error)
strata serve: prompt 16 tokens = 0 reused + 16 read in 284 ms (56.3 tok/s), 256 generated in 5637 ms (45.4 tok/s), drafts accepted 114 of 134, 0 checkpoints
strata serve: decode expert cache hit rate: 99.3% (131517 hits / 132430 lookups); 50 more read by the GPU over PCIe or from another GPU (0.0% of all 132480 routed)
strata serve: suffix drafts: 1 windows, 1 of 1 drafts accepted
strata serve: prompt 16 tokens = 0 reused + 16 read in 175 ms (91.5 tok/s), 256 generated in 5780 ms (44.3 tok/s), drafts accepted 115 of 151, 0 checkpoints
strata serve: decode expert cache hit rate: 99.6% (140003 hits / 140592 lookups); 48 more read by the GPU over PCIe or from another GPU (0.0% of all 140640 routed)
strata serve: prompt 16 tokens = 0 reused + 16 read in 175 ms (91.6 tok/s), 256 generated in 5302 ms (48.3 tok/s), drafts accepted 120 of 145, 0 checkpoints
strata serve: decode expert cache hit rate: 99.5% (134703 hits / 135322 lookups); 38 more read by the GPU over PCIe or from another GPU (0.0% of all 135360 routed)
strata verify: captured the 5-token window (upload no error, sync no error)
strata verify: captured the 5-token window (upload no error, sync no error)
strata serve: prompt 24 tokens = 0 reused + 24 read in 221 ms (108.4 tok/s), 800 generated in 12569 ms (63.6 tok/s), drafts accepted 546 of 749, 0 checkpoints
strata serve: decode expert cache hit rate: 99.0% (476245 hits / 480956 lookups); 964 more read by the GPU over PCIe or from another GPU (0.2% of all 481920 routed)
strata serve: suffix drafts: 47 windows, 157 of 235 drafts accepted
strata serve: prompt 24 tokens = 0 reused + 24 read in 204 ms (117.4 tok/s), 800 generated in 12373 ms (64.7 tok/s), drafts accepted 542 of 774, 0 checkpoints
strata serve: decode expert cache hit rate: 99.7% (494023 hits / 495600 lookups); 240 more read by the GPU over PCIe or from another GPU (0.0% of all 495840 routed)
strata serve: suffix drafts: 57 windows, 183 of 285 drafts accepted
strata serve: prompt 24 tokens = 0 reused + 24 read in 205 ms (117.1 tok/s), 800 generated in 12544 ms (63.8 tok/s), drafts accepted 547 of 759, 0 checkpoints
strata serve: decode expert cache hit rate: 99.8% (485033 hits / 486116 lookups); 124 more read by the GPU over PCIe or from another GPU (0.0% of all 486240 routed)
strata serve: suffix drafts: 47 windows, 153 of 235 drafts accepted
strata serve: prompt 20 tokens = 0 reused + 20 read in 145 ms (138.4 tok/s), 600 generated in 10728 ms (55.9 tok/s), drafts accepted 386 of 576, 0 checkpoints
strata serve: decode expert cache hit rate: 99.6% (378070 hits / 379553 lookups); 127 more read by the GPU over PCIe or from another GPU (0.0% of all 379680 routed)
strata serve: suffix drafts: 16 windows, 29 of 80 drafts accepted
strata serve: prompt 20 tokens = 0 reused + 20 read in 143 ms (139.9 tok/s), 600 generated in 11901 ms (50.4 tok/s), drafts accepted 379 of 548, 0 checkpoints
strata serve: decode expert cache hit rate: 99.9% (369133 hits / 369582 lookups); 18 more read by the GPU over PCIe or from another GPU (0.0% of all 369600 routed)
strata serve: suffix drafts: 7 windows, 17 of 35 drafts accepted
strata serve: prompt 20 tokens = 0 reused + 20 read in 143 ms (139.9 tok/s), 600 generated in 11646 ms (51.5 tok/s), drafts accepted 373 of 552, 0 checkpoints
strata serve: decode expert cache hit rate: 99.8% (373778 hits / 374361 lookups); 39 more read by the GPU over PCIe or from another GPU (0.0% of all 374400 routed)
strata serve: suffix drafts: 7 windows, 14 of 35 drafts accepted
strata: STRATA_HIP_WMMA: the prompt attention on matrix cores on (gfx1201)
strata serve: prompt 1024 tokens = 0 reused + 1024 read in 4146 ms (247.0 tok/s), 1 generated in 25 ms (39.3 tok/s), drafts accepted 0 of 0, 0 checkpoints
strata serve: decode expert cache hit rate: 96.5% (462 hits / 479 lookups); 1 more read by the GPU over PCIe or from another GPU (0.2% of all 480 routed)
strata serve: prompt 8193 tokens = 0 reused + 8193 read in 4390 ms (1866.3 tok/s), 1 generated in 31 ms (32.3 tok/s), drafts accepted 0 of 0, 0 checkpoints
strata serve: decode expert cache hit rate: 96.6% (459 hits / 475 lookups); 5 more read by the GPU over PCIe or from another GPU (1.0% of all 480 routed)
strata serve: prompt 8192 tokens = 0 reused + 8192 read in 4222 ms (1940.1 tok/s), 1 generated in 29 ms (34.6 tok/s), drafts accepted 0 of 0, 0 checkpoints
strata serve: decode expert cache hit rate: 99.2% (476 hits / 480 lookups)
strata serve: prompt 8192 tokens = 0 reused + 8192 read in 4342 ms (1886.6 tok/s), 1 generated in 27 ms (36.8 tok/s), drafts accepted 0 of 0, 0 checkpoints
strata serve: decode expert cache hit rate: 98.1% (470 hits / 479 lookups); 1 more read by the GPU over PCIe or from another GPU (0.2% of all 480 routed)
strata serve: prompt 8192 tokens = 0 reused + 8192 read in 4295 ms (1907.3 tok/s), 1 generated in 39 ms (25.9 tok/s), drafts accepted 0 of 0, 0 checkpoints
strata serve: decode expert cache hit rate: 97.1% (464 hits / 478 lookups); 2 more read by the GPU over PCIe or from another GPU (0.4% of all 480 routed)
strata serve: prompt 8192 tokens = 0 reused + 8192 read in 4338 ms (1888.6 tok/s), 1 generated in 30 ms (33.2 tok/s), drafts accepted 0 of 0, 0 checkpoints
strata serve: decode expert cache hit rate: 97.3% (466 hits / 479 lookups); 1 more read by the GPU over PCIe or from another GPU (0.2% of all 480 routed)
strata serve: prompt 8192 tokens = 0 reused + 8192 read in 4294 ms (1907.9 tok/s), 1 generated in 30 ms (33.6 tok/s), drafts accepted 0 of 0, 0 checkpoints
strata serve: decode expert cache hit rate: 97.1% (463 hits / 477 lookups); 3 more read by the GPU over PCIe or from another GPU (0.6% of all 480 routed)
strata serve: prompt 8192 tokens = 0 reused + 8192 read in 4243 ms (1930.8 tok/s), 1 generated in 30 ms (33.5 tok/s), drafts accepted 0 of 0, 0 checkpoints
strata serve: decode expert cache hit rate: 94.3% (449 hits / 476 lookups); 4 more read by the GPU over PCIe or from another GPU (0.8% of all 480 routed)
strata serve: prompt 8192 tokens = 0 reused + 8192 read in 4239 ms (1932.6 tok/s), 1 generated in 30 ms (33.9 tok/s), drafts accepted 0 of 0, 0 checkpoints
strata serve: decode expert cache hit rate: 100.0% (480 hits / 480 lookups)
strata serve: prompt 8192 tokens = 0 reused + 8192 read in 4178 ms (1961.0 tok/s), 1 generated in 30 ms (32.8 tok/s), drafts accepted 0 of 0, 0 checkpoints
strata serve: decode expert cache hit rate: 95.6% (458 hits / 479 lookups); 1 more read by the GPU over PCIe or from another GPU (0.2% of all 480 routed)
strata serve: prompt 8192 tokens = 0 reused + 8192 read in 4225 ms (1938.8 tok/s), 1 generated in 30 ms (33.6 tok/s), drafts accepted 0 of 0, 0 checkpoints
strata serve: decode expert cache hit rate: 97.1% (465 hits / 479 lookups); 1 more read by the GPU over PCIe or from another GPU (0.2% of all 480 routed)
strata serve: prompt 32768 tokens = 0 reused + 32768 read in 10707 ms (3060.5 tok/s), 1 generated in 30 ms (33.1 tok/s), drafts accepted 0 of 0, 0 checkpoints
strata serve: decode expert cache hit rate: 97.1% (465 hits / 479 lookups); 1 more read by the GPU over PCIe or from another GPU (0.2% of all 480 routed)
strata serve: prompt 32768 tokens = 0 reused + 32768 read in 10768 ms (3043.0 tok/s), 1 generated in 30 ms (33.7 tok/s), drafts accepted 0 of 0, 0 checkpoints
strata serve: decode expert cache hit rate: 98.8% (474 hits / 480 lookups)
strata serve: prompt 32768 tokens = 0 reused + 32768 read in 11310 ms (2897.1 tok/s), 16 generated in 421 ms (38.0 tok/s), drafts accepted 6 of 11, 0 checkpoints
strata serve: decode expert cache hit rate: 93.9% (9297 hits / 9906 lookups); 174 more read by the GPU over PCIe or from another GPU (1.7% of all 10080 routed)
strata serve: suffix drafts: 1 windows, 5 of 5 drafts accepted
strata serve: prompt 65536 tokens = 0 reused + 65536 read in 18194 ms (3602.1 tok/s), 1 generated in 30 ms (32.8 tok/s), drafts accepted 0 of 0, 0 checkpoints
strata serve: decode expert cache hit rate: 94.7% (449 hits / 474 lookups); 6 more read by the GPU over PCIe or from another GPU (1.2% of all 480 routed)
strata serve: prompt 65536 tokens = 0 reused + 65536 read in 18162 ms (3608.4 tok/s), 16 generated in 257 ms (62.2 tok/s), drafts accepted 15 of 20, 0 checkpoints
strata serve: decode expert cache hit rate: 98.3% (12218 hits / 12424 lookups); 56 more read by the GPU over PCIe or from another GPU (0.4% of all 12480 routed)
strata serve: suffix drafts: 4 windows, 15 of 20 drafts accepted
strata serve: prompt 1512 tokens = 0 reused + 1512 read in 1391 ms (1087.2 tok/s), 256 generated in 5909 ms (43.3 tok/s), drafts accepted 116 of 204, 0 checkpoints
strata serve: decode expert cache hit rate: 99.5% (164224 hits / 165053 lookups); 67 more read by the GPU over PCIe or from another GPU (0.0% of all 165120 routed)
strata serve: suffix drafts: 7 windows, 23 of 35 drafts accepted
strata serve: prompt 1512 tokens = 0 reused + 1512 read in 1389 ms (1088.8 tok/s), 256 generated in 5238 ms (48.9 tok/s), drafts accepted 117 of 174, 0 checkpoints
strata serve: decode expert cache hit rate: 99.7% (149807 hits / 150216 lookups); 24 more read by the GPU over PCIe or from another GPU (0.0% of all 150240 routed)
strata serve: suffix drafts: 6 windows, 21 of 30 drafts accepted
strata serve: prompt 1512 tokens = 0 reused + 1512 read in 1390 ms (1087.8 tok/s), 256 generated in 5524 ms (46.3 tok/s), drafts accepted 125 of 202, 0 checkpoints
strata serve: decode expert cache hit rate: 99.7% (159893 hits / 160303 lookups); 17 more read by the GPU over PCIe or from another GPU (0.0% of all 160320 routed)
strata serve: suffix drafts: 6 windows, 23 of 30 drafts accepted
strata serve: prompt 40712 tokens = 0 reused + 40712 read in 12396 ms (3284.3 tok/s), 256 generated in 5806 ms (44.1 tok/s), drafts accepted 145 of 232, 0 checkpoints
strata serve: decode expert cache hit rate: 99.8% (164746 hits / 165105 lookups); 15 more read by the GPU over PCIe or from another GPU (0.0% of all 165120 routed)
strata serve: suffix drafts: 12 windows, 30 of 60 drafts accepted
strata serve: prompt 40712 tokens = 0 reused + 40712 read in 12379 ms (3288.8 tok/s), 256 generated in 5657 ms (45.3 tok/s), drafts accepted 135 of 204, 0 checkpoints
strata serve: decode expert cache hit rate: 99.8% (156645 hits / 156945 lookups); 15 more read by the GPU over PCIe or from another GPU (0.0% of all 156960 routed)
strata serve: suffix drafts: 7 windows, 24 of 35 drafts accepted
strata serve: prompt 40712 tokens = 0 reused + 40712 read in 12372 ms (3290.7 tok/s), 256 generated in 5927 ms (43.2 tok/s), drafts accepted 135 of 221, 0 checkpoints
strata serve: decode expert cache hit rate: 99.8% (164362 hits / 164628 lookups); 12 more read by the GPU over PCIe or from another GPU (0.0% of all 164640 routed)
strata serve: suffix drafts: 8 windows, 25 of 40 drafts accepted
strata serve: prompt 1539 tokens = 0 reused + 1539 read in 1433 ms (1074.0 tok/s), 256 generated in 5059 ms (50.6 tok/s), drafts accepted 156 of 214, 0 checkpoints
strata serve: decode expert cache hit rate: 99.7% (150296 hits / 150696 lookups); 24 more read by the GPU over PCIe or from another GPU (0.0% of all 150720 routed)
strata serve: suffix drafts: 16 windows, 70 of 80 drafts accepted
strata serve: prompt 1539 tokens = 0 reused + 1539 read in 1428 ms (1077.7 tok/s), 256 generated in 5285 ms (48.4 tok/s), drafts accepted 136 of 192, 0 checkpoints
strata serve: decode expert cache hit rate: 99.8% (149501 hits / 149747 lookups); 13 more read by the GPU over PCIe or from another GPU (0.0% of all 149760 routed)
strata serve: suffix drafts: 10 windows, 39 of 50 drafts accepted
strata serve: prompt 40739 tokens = 0 reused + 40739 read in 12412 ms (3282.3 tok/s), 256 generated in 4712 ms (54.3 tok/s), drafts accepted 144 of 205, 0 checkpoints
strata serve: decode expert cache hit rate: 99.8% (152360 hits / 152625 lookups); 15 more read by the GPU over PCIe or from another GPU (0.0% of all 152640 routed)
strata serve: suffix drafts: 17 windows, 64 of 85 drafts accepted
strata serve: prompt 40739 tokens = 0 reused + 40739 read in 12438 ms (3275.4 tok/s), 256 generated in 5824 ms (44.0 tok/s), drafts accepted 139 of 225, 0 checkpoints
strata serve: decode expert cache hit rate: 99.9% (164876 hits / 165112 lookups); 8 more read by the GPU over PCIe or from another GPU (0.0% of all 165120 routed)
strata serve: suffix drafts: 13 windows, 39 of 65 drafts accepted
strata serve: prompt 29 tokens = 0 reused + 29 read in 212 ms (136.7 tok/s), 4 generated in 133 ms (30.0 tok/s), drafts accepted 4 of 6, 0 checkpoints
strata serve: decode expert cache hit rate: 96.3% (4117 hits / 4275 lookups); 45 more read by the GPU over PCIe or from another GPU (1.0% of all 4320 routed)
strata serve: prompt 108 tokens = 0 reused + 108 read in 335 ms (322.3 tok/s), 14 generated in 257 ms (54.4 tok/s), drafts accepted 12 of 12, 0 checkpoints
strata serve: decode expert cache hit rate: 96.3% (7789 hits / 8086 lookups); 74 more read by the GPU over PCIe or from another GPU (0.9% of all 8160 routed)
strata serve: prompt 280 tokens = 0 reused + 280 read in 714 ms (392.1 tok/s), 26 generated in 399 ms (65.1 tok/s), drafts accepted 20 of 25, 0 checkpoints
strata serve: decode expert cache hit rate: 97.2% (15284 hits / 15719 lookups); 121 more read by the GPU over PCIe or from another GPU (0.8% of all 15840 routed)
strata serve: suffix drafts: 2 windows, 7 of 10 drafts accepted
